PS C:\Users\Harsha\c-activity-sets\c-activity-sets\set01> gdb .\problem02.e
xe
GNU gdb (GDB) 7.6.1
Copyright (C) 2013 Free Software Foundation, Inc.
License GPLv3+: GNU GPL version 3 or later <http://gnu.org/licenses/gpl.html>
This is free software: you are free to change and redistribute it.
There is NO WARRANTY, to the extent permitted by law.  Type "show copying"
and "show warranty" for details.
This GDB was configured as "mingw32".
For bug reporting instructions, please see:
<http://www.gnu.org/software/gdb/bugs/>...
Reading symbols from C:\Users\Harsha\c-activity-sets\c-activity-sets\set01\problem02.exe...done.
(gdb) l
1       //2. Write a C program to add two numbers.
2       #include<stdio.h>
3       int main()
4       {
5          int num1,num2,sum;
6          printf("enter first number:");
7          scanf("%d",&num1);
8          printf("enter second number:");
9          scanf("%d",&num2);
10         sum=num1+num2;
(gdb) info b
No breakpoints or watchpoints.
(gdb) b 6
Breakpoint 1 at 0x40146e: file problem02.c, line 6.
(gdb) info b
Num     Type           Disp Enb Address    What
1       breakpoint     keep y   0x0040146e in main at problem02.c:6        
(gdb) r 
Starting program: C:\Users\Harsha\c-activity-sets\c-activity-sets\set01/.\problem02.exe
[New Thread 2948.0x3edc]
[New Thread 2948.0x3f84]

(gdb) quit
A debugging session is active.

        Inferior 1 [process 2948] will be killed.

Quit anyway? (y or n) y

error return ../../gdb-7.6.1/gdb/windows-nat.c:1275 was 5
PS C:\Users\Harsha\c-activity-sets\c-activity-sets\set01>
